[freegiftcardcodegenerators.blogspot.com/index.html]
[backblue.gif]
[fade.gif]
[index.html]
[browser.sentry-cdn.com/6.4.1/bundle.min.js]
[www.google-analytics.com/analytics.js]
[d13pxqgp3ixdbh.cloudfront.net/uploads/1500160973b4153b167fd7fc5702fb62132e8833df.png]
[d13pxqgp3ixdbh.cloudfront.net/uploads/150016081832e2cd2dade938826a1c410961d87ef9.png]
[apis.google.com/js/plusone.js]
[d13pxqgp3ixdbh.cloudfront.net/uploads/15001609410c22fab4cf3eb5f742f86d2c3ed1cee4.png]
[d13pxqgp3ixdbh.cloudfront.net/uploads/15001565725a10c69b5f24bea65be8cb4a22db1912.png]
[d13pxqgp3ixdbh.cloudfront.net/uploads/150016139529ad3d5f4a4ad20639d53e6cb1bd6fcb.png]
[ajax.googleapis.com/ajax/libs/jquery/1/jquery.js]
[d13nu0oomnx5ti.cloudfront.net/b09522e.js]
[cldoffers.net/public/external/t.js]
[freegiftcardcodegenerators.blogspot.com/customTemplateGlobal.12.delayed]
[freegiftcardcodegenerators.blogspot.com/index.html]
[d13pxqgp3ixdbh.cloudfront.net/assets/landing_pages/fa/css/font-awesome.min.css]
[d13pxqgp3ixdbh.cloudfront.net/assets/landing_pages/jqueryui/images/ui-bg_diagonal-maze_75_9DD9DB_10x10.png]
[d13pxqgp3ixdbh.cloudfront.net/assets/landing_pages/jqueryui/images/ui-bg_gloss-wave_75_1A676B_500x100.png]
[d13pxqgp3ixdbh.cloudfront.net/assets/landing_pages/jqueryui/images/ui-bg_highlight-soft_75_5AA6A9_1x100.png]
[d13pxqgp3ixdbh.cloudfront.net/assets/landing_pages/jqueryui/images/ui-bg_inset-soft_75_043D3F_1x100.png]
[d13pxqgp3ixdbh.cloudfront.net/assets/landing_pages/jqueryui/images/ui-bg_highlight-soft_65_1A676B_1x100.png]
[d13pxqgp3ixdbh.cloudfront.net/assets/landing_pages/jqueryui/images/ui-bg_loop_75_FFD9B8_21x21.png]
[d13pxqgp3ixdbh.cloudfront.net/assets/landing_pages/jqueryui/images/ui-bg_diagonals-thick_75_FFB8BA_40x40.png]
[d13pxqgp3ixdbh.cloudfront.net/assets/landing_pages/jqueryui/images/ui-icons_043D3F_256x240.png]
[d13pxqgp3ixdbh.cloudfront.net/assets/landing_pages/jqueryui/images/ui-icons_9DD9DB_256x240.png]
[d13pxqgp3ixdbh.cloudfront.net/assets/landing_pages/jqueryui/images/ui-icons_1A676B_256x240.png]
[d13pxqgp3ixdbh.cloudfront.net/assets/landing_pages/jqueryui/images/ui-icons_982326_256x240.png]
[d13pxqgp3ixdbh.cloudfront.net/assets/landing_pages/jqueryui/jquery-ui.min.css]
[d13pxqgp3ixdbh.cloudfront.net/assets/content_lockers/css_front.css]
[d13pxqgp3ixdbh.cloudfront.net/assets/content_lockers/noty-2.3.8/demo/animate.css]
[www.blogger.com/static/v1/v-css/navbar/3334278262-classic.css]
[d13pxqgp3ixdbh.cloudfront.net/assets/landing_pages/jqueryui/jquery-ui.min.js]
[d13pxqgp3ixdbh.cloudfront.net/assets/content_lockers/noty-2.3.8/js/noty/packaged/jquery.noty.packaged.js]
[freegiftcardcodegenerators.blogspot.com/customTemplateGlobal.html]
